Reusing configuration cache.
> Task :app:preBuild UP-TO-DATE
> Task :app:checkKotlinGradlePluginConfigurationErrors SKIPPED
> Task :app:preDebugBuild UP-TO-DATE
> Task :app:mergeDebugNativeDebugMetadata NO-SOURCE
> Task :app:mergeDebugJniLibFolders UP-TO-DATE
> Task :app:mergeDebugShaders UP-TO-DATE
> Task :app:generateDebugResValues UP-TO-DATE
> Task :app:validateSigningDebug UP-TO-DATE
> Task :app:javaPreCompileDebug UP-TO-DATE
> Task :app:generateDebugResources UP-TO-DATE
> Task :app:createDebugCompatibleScreenManifests UP-TO-DATE
> Task :app:compileDebugShaders NO-SOURCE
> Task :app:writeDebugAppMetadata UP-TO-DATE
> Task :app:checkDebugDuplicateClasses UP-TO-DATE
> Task :app:packageDebugResources UP-TO-DATE
> Task :app:generateDebugAssets UP-TO-DATE
> Task :app:extractDeepLinksDebug UP-TO-DATE
> Task :app:desugarDebugFileDependencies UP-TO-DATE
> Task :app:writeDebugSigningConfigVersions UP-TO-DATE
> Task :app:mergeLibDexDebug UP-TO-DATE
> Task :app:mergeDebugAssets UP-TO-DATE
> Task :app:mergeDebugResources UP-TO-DATE
> Task :app:mapDebugSourceSetPaths UP-TO-DATE
> Task :app:parseDebugLocalResources UP-TO-DATE
> Task :app:checkDebugAarMetadata UP-TO-DATE
> Task :app:compressDebugAssets UP-TO-DATE
> Task :app:mergeExtDexDebug UP-TO-DATE
> Task :app:mergeDebugNativeLibs UP-TO-DATE
> Task :app:stripDebugDebugSymbols UP-TO-DATE
> Task :app:processDebugMainManifest UP-TO-DATE
> Task :app:processDebugManifest UP-TO-DATE
> Task :app:processDebugManifestForPackage UP-TO-DATE
> Task :app:processDebugResources UP-TO-DATE

> Task :app:kaptGenerateStubsDebugKotlin FAILED
w: Kapt currently doesn't support language version 2.0+. Falling back to 1.9.
./gradlew : e: file:///C:/Users/javie/AndroidStudioProjects/ControlFinancieroCompose/app/
src/main/java/com/example/controlfinancierocompose/ui/investments/InvestmentsScreen.kt:24
7:42 Unexpected tokens (use ';' to separate expressions on the same line)
En línea: 1 Carácter: 1
+ ./gradlew assembleDebug --stacktrace --no-parallel > build_output.txt ...
+ ~~~~~~~~~~~~~~~~~~~~~~~~~~~~~~~~~~~~~~~~~~~~~~~~~~~~~~~~~~~~~~~~~~~~~
    + CategoryInfo          : NotSpecified: (e: file:///C:/U... the same line):String) [ 
   ], RemoteException
    + FullyQualifiedErrorId : NativeCommandError
 
e: file:///C:/Users/javie/AndroidStudioProjects/ControlFinancieroCompose/app/src/main/jav
a/com/example/controlfinancierocompose/ui/investments/InvestmentsScreen.kt:249:5 
Expecting an element
e: file:///C:/Users/javie/AndroidStudioProjects/ControlFinancieroCompose/app/src/main/jav
a/com/example/controlfinancierocompose/ui/investments/InvestmentsScreen.kt:498:1 
Expecting a top level declaration
e: file:///C:/Users/javie/AndroidStudioProjects/ControlFinancieroCompose/app/src/main/jav
a/com/example/controlfinancierocompose/ui/investments/InvestmentsScreen.kt:522:5 
Expecting an expression
e: file:///C:/Users/javie/AndroidStudioProjects/ControlFinancieroCompose/app/src/main/jav
a/com/example/controlfinancierocompose/ui/investments/InvestmentsScreen.kt:571:13 
Expecting a top level declaration
e: file:///C:/Users/javie/AndroidStudioProjects/ControlFinancieroCompose/app/src/main/jav
a/com/example/controlfinancierocompose/ui/investments/InvestmentsScreen.kt:573:13 
Expecting a top level declaration
e: file:///C:/Users/javie/AndroidStudioProjects/ControlFinancieroCompose/app/src/main/jav
a/com/example/controlfinancierocompose/ui/investments/InvestmentsScreen.kt:573:16 
Expecting a top level declaration
e: file:///C:/Users/javie/AndroidStudioProjects/ControlFinancieroCompose/app/src/main/jav
a/com/example/controlfinancierocompose/ui/investments/InvestmentsScreen.kt:573:17 
Expecting a top level declaration
e: file:///C:/Users/javie/AndroidStudioProjects/ControlFinancieroCompose/app/src/main/jav
a/com/example/controlfinancierocompose/ui/investments/InvestmentsScreen.kt:573:39 
Expecting a top level declaration
e: file:///C:/Users/javie/AndroidStudioProjects/ControlFinancieroCompose/app/src/main/jav
a/com/example/controlfinancierocompose/ui/investments/InvestmentsScreen.kt:573:45 
Expecting a top level declaration
e: file:///C:/Users/javie/AndroidStudioProjects/ControlFinancieroCompose/app/src/main/jav
a/com/example/controlfinancierocompose/ui/investments/InvestmentsScreen.kt:573:47 
Expecting a top level declaration
e: file:///C:/Users/javie/AndroidStudioProjects/ControlFinancieroCompose/app/src/main/jav
a/com/example/controlfinancierocompose/ui/investments/InvestmentsScreen.kt:590:25 
Expecting a top level declaration
e: file:///C:/Users/javie/AndroidStudioProjects/ControlFinancieroCompose/app/src/main/jav
a/com/example/controlfinancierocompose/ui/investments/InvestmentsScreen.kt:590:34 
Expecting a top level declaration
e: file:///C:/Users/javie/AndroidStudioProjects/ControlFinancieroCompose/app/src/main/jav
a/com/example/controlfinancierocompose/ui/investments/InvestmentsScreen.kt:590:36 
Expecting a top level declaration
e: file:///C:/Users/javie/AndroidStudioProjects/ControlFinancieroCompose/app/src/main/jav
a/com/example/controlfinancierocompose/ui/investments/InvestmentsScreen.kt:590:44 
Expecting a top level declaration
e: file:///C:/Users/javie/AndroidStudioProjects/ControlFinancieroCompose/app/src/main/jav
a/com/example/controlfinancierocompose/ui/investments/InvestmentsScreen.kt:590:45 
Expecting a top level declaration
e: file:///C:/Users/javie/AndroidStudioProjects/ControlFinancieroCompose/app/src/main/jav
a/com/example/controlfinancierocompose/ui/investments/InvestmentsScreen.kt:590:49 
Expecting a top level declaration
e: file:///C:/Users/javie/AndroidStudioProjects/ControlFinancieroCompose/app/src/main/jav
a/com/example/controlfinancierocompose/ui/investments/InvestmentsScreen.kt:590:50 
Expecting a top level declaration
e: file:///C:/Users/javie/AndroidStudioProjects/ControlFinancieroCompose/app/src/main/jav
a/com/example/controlfinancierocompose/ui/investments/InvestmentsScreen.kt:590:52 
Expecting a top level declaration
e: file:///C:/Users/javie/AndroidStudioProjects/ControlFinancieroCompose/app/src/main/jav
a/com/example/controlfinancierocompose/ui/investments/InvestmentsScreen.kt:590:53 
Expecting a top level declaration
e: file:///C:/Users/javie/AndroidStudioProjects/ControlFinancieroCompose/app/src/main/jav
a/com/example/controlfinancierocompose/ui/investments/InvestmentsScreen.kt:590:55 
Expecting a top level declaration
e: file:///C:/Users/javie/AndroidStudioProjects/ControlFinancieroCompose/app/src/main/jav
a/com/example/controlfinancierocompose/ui/investments/InvestmentsScreen.kt:591:21 
Expecting a top level declaration
e: file:///C:/Users/javie/AndroidStudioProjects/ControlFinancieroCompose/app/src/main/jav
a/com/example/controlfinancierocompose/ui/investments/InvestmentsScreen.kt:592:17 
Expecting a top level declaration
e: file:///C:/Users/javie/AndroidStudioProjects/ControlFinancieroCompose/app/src/main/jav
a/com/example/controlfinancierocompose/ui/investments/InvestmentsScreen.kt:594:17 
Expecting a top level declaration
e: file:///C:/Users/javie/AndroidStudioProjects/ControlFinancieroCompose/app/src/main/jav
a/com/example/controlfinancierocompose/ui/investments/InvestmentsScreen.kt:594:27 
Expecting a top level declaration
e: file:///C:/Users/javie/AndroidStudioProjects/ControlFinancieroCompose/app/src/main/jav
a/com/example/controlfinancierocompose/ui/investments/InvestmentsScreen.kt:595:21 
Expecting a top level declaration
e: file:///C:/Users/javie/AndroidStudioProjects/ControlFinancieroCompose/app/src/main/jav
a/com/example/controlfinancierocompose/ui/investments/InvestmentsScreen.kt:595:29 
Expecting a top level declaration
e: file:///C:/Users/javie/AndroidStudioProjects/ControlFinancieroCompose/app/src/main/jav
a/com/example/controlfinancierocompose/ui/investments/InvestmentsScreen.kt:595:31 
Expecting a top level declaration
e: file:///C:/Users/javie/AndroidStudioProjects/ControlFinancieroCompose/app/src/main/jav
a/com/example/controlfinancierocompose/ui/investments/InvestmentsScreen.kt:595:56 
Expecting a top level declaration
e: file:///C:/Users/javie/AndroidStudioProjects/ControlFinancieroCompose/app/src/main/jav
a/com/example/controlfinancierocompose/ui/investments/InvestmentsScreen.kt:596:21 
Expecting a top level declaration
e: file:///C:/Users/javie/AndroidStudioProjects/ControlFinancieroCompose/app/src/main/jav
a/com/example/controlfinancierocompose/ui/investments/InvestmentsScreen.kt:596:30 
Expecting a top level declaration
e: file:///C:/Users/javie/AndroidStudioProjects/ControlFinancieroCompose/app/src/main/jav
a/com/example/controlfinancierocompose/ui/investments/InvestmentsScreen.kt:596:32 
Expecting a top level declaration
e: file:///C:/Users/javie/AndroidStudioProjects/ControlFinancieroCompose/app/src/main/jav
a/com/example/controlfinancierocompose/ui/investments/InvestmentsScreen.kt:596:40 
Expecting a top level declaration
e: file:///C:/Users/javie/AndroidStudioProjects/ControlFinancieroCompose/app/src/main/jav
a/com/example/controlfinancierocompose/ui/investments/InvestmentsScreen.kt:596:41 
Expecting a top level declaration
e: file:///C:/Users/javie/AndroidStudioProjects/ControlFinancieroCompose/app/src/main/jav
a/com/example/controlfinancierocompose/ui/investments/InvestmentsScreen.kt:596:45 
Expecting a top level declaration
e: file:///C:/Users/javie/AndroidStudioProjects/ControlFinancieroCompose/app/src/main/jav
a/com/example/controlfinancierocompose/ui/investments/InvestmentsScreen.kt:596:46 
Expecting a top level declaration
e: file:///C:/Users/javie/AndroidStudioProjects/ControlFinancieroCompose/app/src/main/jav
a/com/example/controlfinancierocompose/ui/investments/InvestmentsScreen.kt:596:48 
Expecting a top level declaration
e: file:///C:/Users/javie/AndroidStudioProjects/ControlFinancieroCompose/app/src/main/jav
a/com/example/controlfinancierocompose/ui/investments/InvestmentsScreen.kt:596:49 
Expecting a top level declaration
e: file:///C:/Users/javie/AndroidStudioProjects/ControlFinancieroCompose/app/src/main/jav
a/com/example/controlfinancierocompose/ui/investments/InvestmentsScreen.kt:596:51 
Expecting a top level declaration
e: file:///C:/Users/javie/AndroidStudioProjects/ControlFinancieroCompose/app/src/main/jav
a/com/example/controlfinancierocompose/ui/investments/InvestmentsScreen.kt:597:17 
Expecting a top level declaration
e: file:///C:/Users/javie/AndroidStudioProjects/ControlFinancieroCompose/app/src/main/jav
a/com/example/controlfinancierocompose/ui/investments/InvestmentsScreen.kt:597:19 
Expecting a top level declaration
e: file:///C:/Users/javie/AndroidStudioProjects/ControlFinancieroCompose/app/src/main/jav
a/com/example/controlfinancierocompose/ui/investments/InvestmentsScreen.kt:605:17 
Expecting a top level declaration
e: file:///C:/Users/javie/AndroidStudioProjects/ControlFinancieroCompose/app/src/main/jav
a/com/example/controlfinancierocompose/ui/investments/InvestmentsScreen.kt:605:25 
Expecting a top level declaration
e: file:///C:/Users/javie/AndroidStudioProjects/ControlFinancieroCompose/app/src/main/jav
a/com/example/controlfinancierocompose/ui/investments/InvestmentsScreen.kt:605:26 
Expecting a top level declaration
e: file:///C:/Users/javie/AndroidStudioProjects/ControlFinancieroCompose/app/src/main/jav
a/com/example/controlfinancierocompose/ui/investments/InvestmentsScreen.kt:605:33 
Expecting a top level declaration
e: file:///C:/Users/javie/AndroidStudioProjects/ControlFinancieroCompose/app/src/main/jav
a/com/example/controlfinancierocompose/ui/investments/InvestmentsScreen.kt:605:34 
Expecting a top level declaration
e: file:///C:/Users/javie/AndroidStudioProjects/ControlFinancieroCompose/app/src/main/jav
a/com/example/controlfinancierocompose/ui/investments/InvestmentsScreen.kt:605:43 
Expecting a top level declaration
e: file:///C:/Users/javie/AndroidStudioProjects/ControlFinancieroCompose/app/src/main/jav
a/com/example/controlfinancierocompose/ui/investments/InvestmentsScreen.kt:605:44 
Expecting a top level declaration
e: file:///C:/Users/javie/AndroidStudioProjects/ControlFinancieroCompose/app/src/main/jav
a/com/example/controlfinancierocompose/ui/investments/InvestmentsScreen.kt:605:56 
Expecting a top level declaration
e: file:///C:/Users/javie/AndroidStudioProjects/ControlFinancieroCompose/app/src/main/jav
a/com/example/controlfinancierocompose/ui/investments/InvestmentsScreen.kt:606:21 
Expecting a top level declaration
e: file:///C:/Users/javie/AndroidStudioProjects/ControlFinancieroCompose/app/src/main/jav
a/com/example/controlfinancierocompose/ui/investments/InvestmentsScreen.kt:606:30 
Expecting a top level declaration
e: file:///C:/Users/javie/AndroidStudioProjects/ControlFinancieroCompose/app/src/main/jav
a/com/example/controlfinancierocompose/ui/investments/InvestmentsScreen.kt:606:32 
Expecting a top level declaration
e: file:///C:/Users/javie/AndroidStudioProjects/ControlFinancieroCompose/app/src/main/jav
a/com/example/controlfinancierocompose/ui/investments/InvestmentsScreen.kt:606:40 
Expecting a top level declaration
e: file:///C:/Users/javie/AndroidStudioProjects/ControlFinancieroCompose/app/src/main/jav
a/com/example/controlfinancierocompose/ui/investments/InvestmentsScreen.kt:606:46 
Expecting a top level declaration
e: file:///C:/Users/javie/AndroidStudioProjects/ControlFinancieroCompose/app/src/main/jav
a/com/example/controlfinancierocompose/ui/investments/InvestmentsScreen.kt:607:21 
Expecting a top level declaration
e: file:///C:/Users/javie/AndroidStudioProjects/ControlFinancieroCompose/app/src/main/jav
a/com/example/controlfinancierocompose/ui/investments/InvestmentsScreen.kt:607:38 
Expecting a top level declaration
e: file:///C:/Users/javie/AndroidStudioProjects/ControlFinancieroCompose/app/src/main/jav
a/com/example/controlfinancierocompose/ui/investments/InvestmentsScreen.kt:607:40 
Expecting a top level declaration
e: file:///C:/Users/javie/AndroidStudioProjects/ControlFinancieroCompose/app/src/main/jav
a/com/example/controlfinancierocompose/ui/investments/InvestmentsScreen.kt:608:17 
Expecting a top level declaration
e: file:///C:/Users/javie/AndroidStudioProjects/ControlFinancieroCompose/app/src/main/jav
a/com/example/controlfinancierocompose/ui/investments/InvestmentsScreen.kt:608:19 
Expecting a top level declaration
e: file:///C:/Users/javie/AndroidStudioProjects/ControlFinancieroCompose/app/src/main/jav
a/com/example/controlfinancierocompose/ui/investments/InvestmentsScreen.kt:645:13 
Expecting a top level declaration
e: file:///C:/Users/javie/AndroidStudioProjects/ControlFinancieroCompose/app/src/main/jav
a/com/example/controlfinancierocompose/ui/investments/InvestmentsScreen.kt:646:13 
Expecting a top level declaration
e: file:///C:/Users/javie/AndroidStudioProjects/ControlFinancieroCompose/app/src/main/jav
a/com/example/controlfinancierocompose/ui/investments/InvestmentsScreen.kt:646:17 
Expecting a top level declaration
e: file:///C:/Users/javie/AndroidStudioProjects/ControlFinancieroCompose/app/src/main/jav
a/com/example/controlfinancierocompose/ui/investments/InvestmentsScreen.kt:647:17 
Expecting a top level declaration
e: file:///C:/Users/javie/AndroidStudioProjects/ControlFinancieroCompose/app/src/main/jav
a/com/example/controlfinancierocompose/ui/investments/InvestmentsScreen.kt:647:22 
Expecting a top level declaration
e: file:///C:/Users/javie/AndroidStudioProjects/ControlFinancieroCompose/app/src/main/jav
a/com/example/controlfinancierocompose/ui/investments/InvestmentsScreen.kt:647:24 
Expecting a top level declaration
e: file:///C:/Users/javie/AndroidStudioProjects/ControlFinancieroCompose/app/src/main/jav
a/com/example/controlfinancierocompose/ui/investments/InvestmentsScreen.kt:647:25 
Expecting a top level declaration
e: file:///C:/Users/javie/AndroidStudioProjects/ControlFinancieroCompose/app/src/main/jav
a/com/example/controlfinancierocompose/ui/investments/InvestmentsScreen.kt:647:27 
Expecting a top level declaration
e: file:///C:/Users/javie/AndroidStudioProjects/ControlFinancieroCompose/app/src/main/jav
a/com/example/controlfinancierocompose/ui/investments/InvestmentsScreen.kt:647:35 
Expecting a top level declaration
e: file:///C:/Users/javie/AndroidStudioProjects/ControlFinancieroCompose/app/src/main/jav
a/com/example/controlfinancierocompose/ui/investments/InvestmentsScreen.kt:647:36 
Expecting a top level declaration
e: file:///C:/Users/javie/AndroidStudioProjects/ControlFinancieroCompose/app/src/main/jav
a/com/example/controlfinancierocompose/ui/investments/InvestmentsScreen.kt:647:47 
Expecting a top level declaration
e: file:///C:/Users/javie/AndroidStudioProjects/ControlFinancieroCompose/app/src/main/jav
a/com/example/controlfinancierocompose/ui/investments/InvestmentsScreen.kt:647:48 
Expecting a top level declaration
e: file:///C:/Users/javie/AndroidStudioProjects/ControlFinancieroCompose/app/src/main/jav
a/com/example/controlfinancierocompose/ui/investments/InvestmentsScreen.kt:647:52 
Expecting a top level declaration
e: file:///C:/Users/javie/AndroidStudioProjects/ControlFinancieroCompose/app/src/main/jav
a/com/example/controlfinancierocompose/ui/investments/InvestmentsScreen.kt:647:53 
Expecting a top level declaration
e: file:///C:/Users/javie/AndroidStudioProjects/ControlFinancieroCompose/app/src/main/jav
a/com/example/controlfinancierocompose/ui/investments/InvestmentsScreen.kt:647:65 
Expecting a top level declaration
e: file:///C:/Users/javie/AndroidStudioProjects/ControlFinancieroCompose/app/src/main/jav
a/com/example/controlfinancierocompose/ui/investments/InvestmentsScreen.kt:647:66 
Expecting a top level declaration
e: file:///C:/Users/javie/AndroidStudioProjects/ControlFinancieroCompose/app/src/main/jav
a/com/example/controlfinancierocompose/ui/investments/InvestmentsScreen.kt:648:17 
Expecting a top level declaration
e: file:///C:/Users/javie/AndroidStudioProjects/ControlFinancieroCompose/app/src/main/jav
a/com/example/controlfinancierocompose/ui/investments/InvestmentsScreen.kt:648:23 
Expecting a top level declaration
e: file:///C:/Users/javie/AndroidStudioProjects/ControlFinancieroCompose/app/src/main/jav
a/com/example/controlfinancierocompose/ui/investments/InvestmentsScreen.kt:648:25 
Expecting a top level declaration
e: file:///C:/Users/javie/AndroidStudioProjects/ControlFinancieroCompose/app/src/main/jav
a/com/example/controlfinancierocompose/ui/investments/InvestmentsScreen.kt:648:38 
Expecting a top level declaration
e: file:///C:/Users/javie/AndroidStudioProjects/ControlFinancieroCompose/app/src/main/jav
a/com/example/controlfinancierocompose/ui/investments/InvestmentsScreen.kt:648:39 
Expecting a top level declaration
e: file:///C:/Users/javie/AndroidStudioProjects/ControlFinancieroCompose/app/src/main/jav
a/com/example/controlfinancierocompose/ui/investments/InvestmentsScreen.kt:648:49 
Expecting a top level declaration
e: file:///C:/Users/javie/AndroidStudioProjects/ControlFinancieroCompose/app/src/main/jav
a/com/example/controlfinancierocompose/ui/investments/InvestmentsScreen.kt:648:50 
Expecting a top level declaration
e: file:///C:/Users/javie/AndroidStudioProjects/ControlFinancieroCompose/app/src/main/jav
a/com/example/controlfinancierocompose/ui/investments/InvestmentsScreen.kt:648:60 
Expecting a top level declaration
e: file:///C:/Users/javie/AndroidStudioProjects/ControlFinancieroCompose/app/src/main/jav
a/com/example/controlfinancierocompose/ui/investments/InvestmentsScreen.kt:648:61 
Expecting a top level declaration
e: file:///C:/Users/javie/AndroidStudioProjects/ControlFinancieroCompose/app/src/main/jav
a/com/example/controlfinancierocompose/ui/investments/InvestmentsScreen.kt:648:65 
Expecting a top level declaration
e: file:///C:/Users/javie/AndroidStudioProjects/ControlFinancieroCompose/app/src/main/jav
a/com/example/controlfinancierocompose/ui/investments/InvestmentsScreen.kt:648:66 
Expecting a top level declaration
e: file:///C:/Users/javie/AndroidStudioProjects/ControlFinancieroCompose/app/src/main/jav
a/com/example/controlfinancierocompose/ui/investments/InvestmentsScreen.kt:648:72 
Expecting a top level declaration
e: file:///C:/Users/javie/AndroidStudioProjects/ControlFinancieroCompose/app/src/main/jav
a/com/example/controlfinancierocompose/ui/investments/InvestmentsScreen.kt:648:74 
Expecting a top level declaration
e: file:///C:/Users/javie/AndroidStudioProjects/ControlFinancieroCompose/app/src/main/jav
a/com/example/controlfinancierocompose/ui/investments/InvestmentsScreen.kt:648:79 
Expecting a top level declaration
e: file:///C:/Users/javie/AndroidStudioProjects/ControlFinancieroCompose/app/src/main/jav
a/com/example/controlfinancierocompose/ui/investments/InvestmentsScreen.kt:648:80 
Expecting a top level declaration
e: file:///C:/Users/javie/AndroidStudioProjects/ControlFinancieroCompose/app/src/main/jav
a/com/example/controlfinancierocompose/ui/investments/InvestmentsScreen.kt:648:90 
Expecting a top level declaration
e: file:///C:/Users/javie/AndroidStudioProjects/ControlFinancieroCompose/app/src/main/jav
a/com/example/controlfinancierocompose/ui/investments/InvestmentsScreen.kt:648:91 
Expecting a top level declaration
e: file:///C:/Users/javie/AndroidStudioProjects/ControlFinancieroCompose/app/src/main/jav
a/com/example/controlfinancierocompose/ui/investments/InvestmentsScreen.kt:648:92 
Expecting a top level declaration
e: file:///C:/Users/javie/AndroidStudioProjects/ControlFinancieroCompose/app/src/main/jav
a/com/example/controlfinancierocompose/ui/investments/InvestmentsScreen.kt:649:17 
Expecting a top level declaration
e: file:///C:/Users/javie/AndroidStudioProjects/ControlFinancieroCompose/app/src/main/jav
a/com/example/controlfinancierocompose/ui/investments/InvestmentsScreen.kt:649:26 
Expecting a top level declaration
e: file:///C:/Users/javie/AndroidStudioProjects/ControlFinancieroCompose/app/src/main/jav
a/com/example/controlfinancierocompose/ui/investments/InvestmentsScreen.kt:649:28 
Expecting a top level declaration
e: file:///C:/Users/javie/AndroidStudioProjects/ControlFinancieroCompose/app/src/main/jav
a/com/example/controlfinancierocompose/ui/investments/InvestmentsScreen.kt:649:36 
Expecting a top level declaration
e: file:///C:/Users/javie/AndroidStudioProjects/ControlFinancieroCompose/app/src/main/jav
a/com/example/controlfinancierocompose/ui/investments/InvestmentsScreen.kt:649:37 
Expecting a top level declaration
e: file:///C:/Users/javie/AndroidStudioProjects/ControlFinancieroCompose/app/src/main/jav
a/com/example/controlfinancierocompose/ui/investments/InvestmentsScreen.kt:649:44 
Expecting a top level declaration
e: file:///C:/Users/javie/AndroidStudioProjects/ControlFinancieroCompose/app/src/main/jav
a/com/example/controlfinancierocompose/ui/investments/InvestmentsScreen.kt:649:45 
Expecting a top level declaration
e: file:///C:/Users/javie/AndroidStudioProjects/ControlFinancieroCompose/app/src/main/jav
a/com/example/controlfinancierocompose/ui/investments/InvestmentsScreen.kt:649:49 
Expecting a top level declaration
e: file:///C:/Users/javie/AndroidStudioProjects/ControlFinancieroCompose/app/src/main/jav
a/com/example/controlfinancierocompose/ui/investments/InvestmentsScreen.kt:649:51 
Expecting a top level declaration
e: file:///C:/Users/javie/AndroidStudioProjects/ControlFinancieroCompose/app/src/main/jav
a/com/example/controlfinancierocompose/ui/investments/InvestmentsScreen.kt:649:52 
Expecting a top level declaration
e: file:///C:/Users/javie/AndroidStudioProjects/ControlFinancieroCompose/app/src/main/jav
a/com/example/controlfinancierocompose/ui/investments/InvestmentsScreen.kt:649:53 
Expecting a top level declaration
e: file:///C:/Users/javie/AndroidStudioProjects/ControlFinancieroCompose/app/src/main/jav
a/com/example/controlfinancierocompose/ui/investments/InvestmentsScreen.kt:649:55 
Expecting a top level declaration
e: file:///C:/Users/javie/AndroidStudioProjects/ControlFinancieroCompose/app/src/main/jav
a/com/example/controlfinancierocompose/ui/investments/InvestmentsScreen.kt:649:57 
Expecting a top level declaration
e: file:///C:/Users/javie/AndroidStudioProjects/ControlFinancieroCompose/app/src/main/jav
a/com/example/controlfinancierocompose/ui/investments/InvestmentsScreen.kt:649:64 
Expecting a top level declaration
e: file:///C:/Users/javie/AndroidStudioProjects/ControlFinancieroCompose/app/src/main/jav
a/com/example/controlfinancierocompose/ui/investments/InvestmentsScreen.kt:649:66 
Expecting a top level declaration
e: file:///C:/Users/javie/AndroidStudioProjects/ControlFinancieroCompose/app/src/main/jav
a/com/example/controlfinancierocompose/ui/investments/InvestmentsScreen.kt:649:67 
Expecting a top level declaration
e: file:///C:/Users/javie/AndroidStudioProjects/ControlFinancieroCompose/app/src/main/jav
a/com/example/controlfinancierocompose/ui/investments/InvestmentsScreen.kt:649:68 
Expecting a top level declaration
e: file:///C:/Users/javie/AndroidStudioProjects/ControlFinancieroCompose/app/src/main/jav
a/com/example/controlfinancierocompose/ui/investments/InvestmentsScreen.kt:649:70 
Expecting a top level declaration
e: file:///C:/Users/javie/AndroidStudioProjects/ControlFinancieroCompose/app/src/main/jav
a/com/example/controlfinancierocompose/ui/investments/InvestmentsScreen.kt:650:13 
Expecting a top level declaration
e: file:///C:/Users/javie/AndroidStudioProjects/ControlFinancieroCompose/app/src/main/jav
a/com/example/controlfinancierocompose/ui/investments/InvestmentsScreen.kt:652:13 
Expecting a top level declaration
e: file:///C:/Users/javie/AndroidStudioProjects/ControlFinancieroCompose/app/src/main/jav
a/com/example/controlfinancierocompose/ui/investments/InvestmentsScreen.kt:652:17 
Expecting a top level declaration
e: file:///C:/Users/javie/AndroidStudioProjects/ControlFinancieroCompose/app/src/main/jav
a/com/example/controlfinancierocompose/ui/investments/InvestmentsScreen.kt:653:17 
Expecting a top level declaration
e: file:///C:/Users/javie/AndroidStudioProjects/ControlFinancieroCompose/app/src/main/jav
a/com/example/controlfinancierocompose/ui/investments/InvestmentsScreen.kt:653:22 
Expecting a top level declaration
e: file:///C:/Users/javie/AndroidStudioProjects/ControlFinancieroCompose/app/src/main/jav
a/com/example/controlfinancierocompose/ui/investments/InvestmentsScreen.kt:653:24 
Expecting a top level declaration
e: file:///C:/Users/javie/AndroidStudioProjects/ControlFinancieroCompose/app/src/main/jav
a/com/example/controlfinancierocompose/ui/investments/InvestmentsScreen.kt:653:25 
Expecting a top level declaration
e: file:///C:/Users/javie/AndroidStudioProjects/ControlFinancieroCompose/app/src/main/jav
a/com/example/controlfinancierocompose/ui/investments/InvestmentsScreen.kt:653:32 
Expecting a top level declaration
e: file:///C:/Users/javie/AndroidStudioProjects/ControlFinancieroCompose/app/src/main/jav
a/com/example/controlfinancierocompose/ui/investments/InvestmentsScreen.kt:653:34 
Expecting a top level declaration
e: file:///C:/Users/javie/AndroidStudioProjects/ControlFinancieroCompose/app/src/main/jav
a/com/example/controlfinancierocompose/ui/investments/InvestmentsScreen.kt:653:37 
Expecting a top level declaration
e: file:///C:/Users/javie/AndroidStudioProjects/ControlFinancieroCompose/app/src/main/jav
a/com/example/controlfinancierocompose/ui/investments/InvestmentsScreen.kt:653:38 
Expecting a top level declaration
e: file:///C:/Users/javie/AndroidStudioProjects/ControlFinancieroCompose/app/src/main/jav
a/com/example/controlfinancierocompose/ui/investments/InvestmentsScreen.kt:653:52 
Expecting a top level declaration
e: file:///C:/Users/javie/AndroidStudioProjects/ControlFinancieroCompose/app/src/main/jav
a/com/example/controlfinancierocompose/ui/investments/InvestmentsScreen.kt:653:54 
Expecting a top level declaration
e: file:///C:/Users/javie/AndroidStudioProjects/ControlFinancieroCompose/app/src/main/jav
a/com/example/controlfinancierocompose/ui/investments/InvestmentsScreen.kt:653:71 
Expecting a top level declaration
e: file:///C:/Users/javie/AndroidStudioProjects/ControlFinancieroCompose/app/src/main/jav
a/com/example/controlfinancierocompose/ui/investments/InvestmentsScreen.kt:653:72 
Expecting a top level declaration
e: file:///C:/Users/javie/AndroidStudioProjects/ControlFinancieroCompose/app/src/main/jav
a/com/example/controlfinancierocompose/ui/investments/InvestmentsScreen.kt:653:78 
Expecting a top level declaration
e: file:///C:/Users/javie/AndroidStudioProjects/ControlFinancieroCompose/app/src/main/jav
a/com/example/controlfinancierocompose/ui/investments/InvestmentsScreen.kt:653:79 
Expecting a top level declaration
e: file:///C:/Users/javie/AndroidStudioProjects/ControlFinancieroCompose/app/src/main/jav
a/com/example/controlfinancierocompose/ui/investments/InvestmentsScreen.kt:653:92 
Expecting a top level declaration
e: file:///C:/Users/javie/AndroidStudioProjects/ControlFinancieroCompose/app/src/main/jav
a/com/example/controlfinancierocompose/ui/investments/InvestmentsScreen.kt:653:94 
Expecting a top level declaration
e: file:///C:/Users/javie/AndroidStudioProjects/ControlFinancieroCompose/app/src/main/jav
a/com/example/controlfinancierocompose/ui/investments/InvestmentsScreen.kt:653:99 
Expecting a top level declaration
e: file:///C:/Users/javie/AndroidStudioProjects/ControlFinancieroCompose/app/src/main/jav
a/com/example/controlfinancierocompose/ui/investments/InvestmentsScreen.kt:653:100 
Expecting a top level declaration
e: file:///C:/Users/javie/AndroidStudioProjects/ControlFinancieroCompose/app/src/main/jav
a/com/example/controlfinancierocompose/ui/investments/InvestmentsScreen.kt:653:106 
Expecting a top level declaration
e: file:///C:/Users/javie/AndroidStudioProjects/ControlFinancieroCompose/app/src/main/jav
a/com/example/controlfinancierocompose/ui/investments/InvestmentsScreen.kt:653:107 
Expecting a top level declaration
e: file:///C:/Users/javie/AndroidStudioProjects/ControlFinancieroCompose/app/src/main/jav
a/com/example/controlfinancierocompose/ui/investments/InvestmentsScreen.kt:653:108 
Expecting a top level declaration
e: file:///C:/Users/javie/AndroidStudioProjects/ControlFinancieroCompose/app/src/main/jav
a/com/example/controlfinancierocompose/ui/investments/InvestmentsScreen.kt:653:109 
Expecting a top level declaration
e: file:///C:/Users/javie/AndroidStudioProjects/ControlFinancieroCompose/app/src/main/jav
a/com/example/controlfinancierocompose/ui/investments/InvestmentsScreen.kt:654:17 
Expecting a top level declaration
e: file:///C:/Users/javie/AndroidStudioProjects/ControlFinancieroCompose/app/src/main/jav
a/com/example/controlfinancierocompose/ui/investments/InvestmentsScreen.kt:654:23 
Expecting a top level declaration
e: file:///C:/Users/javie/AndroidStudioProjects/ControlFinancieroCompose/app/src/main/jav
a/com/example/controlfinancierocompose/ui/investments/InvestmentsScreen.kt:654:25 
Expecting a top level declaration
e: file:///C:/Users/javie/AndroidStudioProjects/ControlFinancieroCompose/app/src/main/jav
a/com/example/controlfinancierocompose/ui/investments/InvestmentsScreen.kt:654:38 
Expecting a top level declaration
e: file:///C:/Users/javie/AndroidStudioProjects/ControlFinancieroCompose/app/src/main/jav
a/com/example/controlfinancierocompose/ui/investments/InvestmentsScreen.kt:654:39 
Expecting a top level declaration
e: file:///C:/Users/javie/AndroidStudioProjects/ControlFinancieroCompose/app/src/main/jav
a/com/example/controlfinancierocompose/ui/investments/InvestmentsScreen.kt:654:49 
Expecting a top level declaration
e: file:///C:/Users/javie/AndroidStudioProjects/ControlFinancieroCompose/app/src/main/jav
a/com/example/controlfinancierocompose/ui/investments/InvestmentsScreen.kt:654:50 
Expecting a top level declaration
e: file:///C:/Users/javie/AndroidStudioProjects/ControlFinancieroCompose/app/src/main/jav
a/com/example/controlfinancierocompose/ui/investments/InvestmentsScreen.kt:654:60 
Expecting a top level declaration
e: file:///C:/Users/javie/AndroidStudioProjects/ControlFinancieroCompose/app/src/main/jav
a/com/example/controlfinancierocompose/ui/investments/InvestmentsScreen.kt:654:61 
Expecting a top level declaration
e: file:///C:/Users/javie/AndroidStudioProjects/ControlFinancieroCompose/app/src/main/jav
a/com/example/controlfinancierocompose/ui/investments/InvestmentsScreen.kt:654:65 
Expecting a top level declaration
e: file:///C:/Users/javie/AndroidStudioProjects/ControlFinancieroCompose/app/src/main/jav
a/com/example/controlfinancierocompose/ui/investments/InvestmentsScreen.kt:654:66 
Expecting a top level declaration
e: file:///C:/Users/javie/AndroidStudioProjects/ControlFinancieroCompose/app/src/main/jav
a/com/example/controlfinancierocompose/ui/investments/InvestmentsScreen.kt:654:72 
Expecting a top level declaration
e: file:///C:/Users/javie/AndroidStudioProjects/ControlFinancieroCompose/app/src/main/jav
a/com/example/controlfinancierocompose/ui/investments/InvestmentsScreen.kt:654:74 
Expecting a top level declaration
e: file:///C:/Users/javie/AndroidStudioProjects/ControlFinancieroCompose/app/src/main/jav
a/com/example/controlfinancierocompose/ui/investments/InvestmentsScreen.kt:654:79 
Expecting a top level declaration
e: file:///C:/Users/javie/AndroidStudioProjects/ControlFinancieroCompose/app/src/main/jav
a/com/example/controlfinancierocompose/ui/investments/InvestmentsScreen.kt:654:80 
Expecting a top level declaration
e: file:///C:/Users/javie/AndroidStudioProjects/ControlFinancieroCompose/app/src/main/jav
a/com/example/controlfinancierocompose/ui/investments/InvestmentsScreen.kt:654:90 
Expecting a top level declaration
e: file:///C:/Users/javie/AndroidStudioProjects/ControlFinancieroCompose/app/src/main/jav
a/com/example/controlfinancierocompose/ui/investments/InvestmentsScreen.kt:654:91 
Expecting a top level declaration
e: file:///C:/Users/javie/AndroidStudioProjects/ControlFinancieroCompose/app/src/main/jav
a/com/example/controlfinancierocompose/ui/investments/InvestmentsScreen.kt:654:93 
Expecting a top level declaration
e: file:///C:/Users/javie/AndroidStudioProjects/ControlFinancieroCompose/app/src/main/jav
a/com/example/controlfinancierocompose/ui/investments/InvestmentsScreen.kt:654:104 
Expecting a top level declaration
e: file:///C:/Users/javie/AndroidStudioProjects/ControlFinancieroCompose/app/src/main/jav
a/com/example/controlfinancierocompose/ui/investments/InvestmentsScreen.kt:654:106 
Expecting a top level declaration
e: file:///C:/Users/javie/AndroidStudioProjects/ControlFinancieroCompose/app/src/main/jav
a/com/example/controlfinancierocompose/ui/investments/InvestmentsScreen.kt:654:116 
Expecting a top level declaration
e: file:///C:/Users/javie/AndroidStudioProjects/ControlFinancieroCompose/app/src/main/jav
a/com/example/controlfinancierocompose/ui/investments/InvestmentsScreen.kt:654:117 
Expecting a top level declaration
e: file:///C:/Users/javie/AndroidStudioProjects/ControlFinancieroCompose/app/src/main/jav
a/com/example/controlfinancierocompose/ui/investments/InvestmentsScreen.kt:654:121 
Expecting a top level declaration
e: file:///C:/Users/javie/AndroidStudioProjects/ControlFinancieroCompose/app/src/main/jav
a/com/example/controlfinancierocompose/ui/investments/InvestmentsScreen.kt:654:122 
Expecting a top level declaration
e: file:///C:/Users/javie/AndroidStudioProjects/ControlFinancieroCompose/app/src/main/jav
a/com/example/controlfinancierocompose/ui/investments/InvestmentsScreen.kt:655:17 
Expecting a top level declaration
e: file:///C:/Users/javie/AndroidStudioProjects/ControlFinancieroCompose/app/src/main/jav
a/com/example/controlfinancierocompose/ui/investments/InvestmentsScreen.kt:655:26 
Expecting a top level declaration
e: file:///C:/Users/javie/AndroidStudioProjects/ControlFinancieroCompose/app/src/main/jav
a/com/example/controlfinancierocompose/ui/investments/InvestmentsScreen.kt:655:28 
Expecting a top level declaration
e: file:///C:/Users/javie/AndroidStudioProjects/ControlFinancieroCompose/app/src/main/jav
a/com/example/controlfinancierocompose/ui/investments/InvestmentsScreen.kt:655:36 
Expecting a top level declaration
e: file:///C:/Users/javie/AndroidStudioProjects/ControlFinancieroCompose/app/src/main/jav
a/com/example/controlfinancierocompose/ui/investments/InvestmentsScreen.kt:655:37 
Expecting a top level declaration
e: file:///C:/Users/javie/AndroidStudioProjects/ControlFinancieroCompose/app/src/main/jav
a/com/example/controlfinancierocompose/ui/investments/InvestmentsScreen.kt:655:44 
Expecting a top level declaration
e: file:///C:/Users/javie/AndroidStudioProjects/ControlFinancieroCompose/app/src/main/jav
a/com/example/controlfinancierocompose/ui/investments/InvestmentsScreen.kt:655:45 
Expecting a top level declaration
e: file:///C:/Users/javie/AndroidStudioProjects/ControlFinancieroCompose/app/src/main/jav
a/com/example/controlfinancierocompose/ui/investments/InvestmentsScreen.kt:655:52 
Expecting a top level declaration
e: file:///C:/Users/javie/AndroidStudioProjects/ControlFinancieroCompose/app/src/main/jav
a/com/example/controlfinancierocompose/ui/investments/InvestmentsScreen.kt:655:54 
Expecting a top level declaration
e: file:///C:/Users/javie/AndroidStudioProjects/ControlFinancieroCompose/app/src/main/jav
a/com/example/controlfinancierocompose/ui/investments/InvestmentsScreen.kt:655:55 
Expecting a top level declaration
e: file:///C:/Users/javie/AndroidStudioProjects/ControlFinancieroCompose/app/src/main/jav
a/com/example/controlfinancierocompose/ui/investments/InvestmentsScreen.kt:655:56 
Expecting a top level declaration
e: file:///C:/Users/javie/AndroidStudioProjects/ControlFinancieroCompose/app/src/main/jav
a/com/example/controlfinancierocompose/ui/investments/InvestmentsScreen.kt:655:58 
Expecting a top level declaration
e: file:///C:/Users/javie/AndroidStudioProjects/ControlFinancieroCompose/app/src/main/jav
a/com/example/controlfinancierocompose/ui/investments/InvestmentsScreen.kt:656:13 
Expecting a top level declaration
e: file:///C:/Users/javie/AndroidStudioProjects/ControlFinancieroCompose/app/src/main/jav
a/com/example/controlfinancierocompose/ui/investments/InvestmentsScreen.kt:657:13 
Expecting a top level declaration
e: file:///C:/Users/javie/AndroidStudioProjects/ControlFinancieroCompose/app/src/main/jav
a/com/example/controlfinancierocompose/ui/investments/InvestmentsScreen.kt:657:16 
Expecting a top level declaration
e: file:///C:/Users/javie/AndroidStudioProjects/ControlFinancieroCompose/app/src/main/jav
a/com/example/controlfinancierocompose/ui/investments/InvestmentsScreen.kt:657:17 
Expecting a top level declaration
e: file:///C:/Users/javie/AndroidStudioProjects/ControlFinancieroCompose/app/src/main/jav
a/com/example/controlfinancierocompose/ui/investments/InvestmentsScreen.kt:657:25 
Expecting a top level declaration
e: file:///C:/Users/javie/AndroidStudioProjects/ControlFinancieroCompose/app/src/main/jav
a/com/example/controlfinancierocompose/ui/investments/InvestmentsScreen.kt:657:31 
Expecting a top level declaration
e: file:///C:/Users/javie/AndroidStudioProjects/ControlFinancieroCompose/app/src/main/jav
a/com/example/controlfinancierocompose/ui/investments/InvestmentsScreen.kt:657:33 
Expecting a top level declaration
e: file:///C:/Users/javie/AndroidStudioProjects/ControlFinancieroCompose/app/src/main/jav
a/com/example/controlfinancierocompose/ui/investments/InvestmentsScreen.kt:730:9 
Expecting a top level declaration
e: file:///C:/Users/javie/AndroidStudioProjects/ControlFinancieroCompose/app/src/main/jav
a/com/example/controlfinancierocompose/ui/investments/InvestmentsScreen.kt:731:5 
Expecting a top level declaration
e: file:///C:/Users/javie/AndroidStudioProjects/ControlFinancieroCompose/app/src/main/jav
a/com/example/controlfinancierocompose/ui/investments/InvestmentsScreen.kt:732:1 
Expecting a top level declaration

FAILURE: Build failed with an exception.

* What went wrong:
Execution failed for task ':app:kaptGenerateStubsDebugKotlin'.
> A failure occurred while executing org.jetbrains.kotlin.compilerRunner.GradleCompilerRu
nnerWithWorkers$GradleKotlinCompilerWorkAction
   > Compilation error. See log for more details

* Try:
> Run with --info or --debug option to get more log output.
> Run with --scan to get full insights.
> Get more help at https://help.gradle.org.

* Exception is:
org.gradle.api.tasks.TaskExecutionException: Execution failed for task 
':app:kaptGenerateStubsDebugKotlin'.
	at org.gradle.api.internal.tasks.execution.ExecuteActionsTaskExecuter.lambda$executeIfVa
lid$1(ExecuteActionsTaskExecuter.java:130)
	at org.gradle.internal.Try$Failure.ifSuccessfulOrElse(Try.java:293)
	at org.gradle.api.internal.tasks.execution.ExecuteActionsTaskExecuter.executeIfValid(Exe
cuteActionsTaskExecuter.java:128)
	at org.gradle.api.internal.tasks.execution.ExecuteActionsTaskExecuter.execute(ExecuteAct
ionsTaskExecuter.java:116)
	at org.gradle.api.internal.tasks.execution.FinalizePropertiesTaskExecuter.execute(Finali
zePropertiesTaskExecuter.java:46)
	at org.gradle.api.internal.tasks.execution.ResolveTaskExecutionModeExecuter.execute(Reso
lveTaskExecutionModeExecuter.java:51)
	at org.gradle.api.internal.tasks.execution.SkipTaskWithNoActionsExecuter.execute(SkipTas
kWithNoActionsExecuter.java:57)
	at org.gradle.api.internal.tasks.execution.SkipOnlyIfTaskExecuter.execute(SkipOnlyIfTask
Executer.java:74)
	at org.gradle.api.internal.tasks.execution.CatchExceptionTaskExecuter.execute(CatchExcep
tionTaskExecuter.java:36)
	at org.gradle.api.internal.tasks.execution.EventFiringTaskExecuter$1.executeTask(EventFi
ringTaskExecuter.java:77)
	at org.gradle.api.internal.tasks.execution.EventFiringTaskExecuter$1.call(EventFiringTas
kExecuter.java:55)
	at org.gradle.api.internal.tasks.execution.EventFiringTaskExecuter$1.call(EventFiringTas
kExecuter.java:52)
	at org.gradle.internal.operations.DefaultBuildOperationRunner$CallableBuildOperationWork
er.execute(DefaultBuildOperationRunner.java:209)
	at org.gradle.internal.operations.DefaultBuildOperationRunner$CallableBuildOperationWork
er.execute(DefaultBuildOperationRunner.java:204)
	at org.gradle.internal.operations.DefaultBuildOperationRunner$2.execute(DefaultBuildOper
ationRunner.java:66)
	at org.gradle.internal.operations.DefaultBuildOperationRunner$2.execute(DefaultBuildOper
ationRunner.java:59)
	at org.gradle.internal.operations.DefaultBuildOperationRunner.execute(DefaultBuildOperat
ionRunner.java:166)
	at org.gradle.internal.operations.DefaultBuildOperationRunner.execute(DefaultBuildOperat
ionRunner.java:59)
	at org.gradle.internal.operations.DefaultBuildOperationRunner.call(DefaultBuildOperation
Runner.java:53)
	at org.gradle.api.internal.tasks.execution.EventFiringTaskExecuter.execute(EventFiringTa
skExecuter.java:52)
	at 
org.gradle.execution.plan.LocalTaskNodeExecutor.execute(LocalTaskNodeExecutor.java:42)
	at org.gradle.execution.taskgraph.DefaultTaskExecutionGraph$InvokeNodeExecutorsAction.ex
ecute(DefaultTaskExecutionGraph.java:331)
	at org.gradle.execution.taskgraph.DefaultTaskExecutionGraph$InvokeNodeExecutorsAction.ex
ecute(DefaultTaskExecutionGraph.java:318)
	at org.gradle.execution.taskgraph.DefaultTaskExecutionGraph$BuildOperationAwareExecution
Action.lambda$execute$0(DefaultTaskExecutionGraph.java:314)
	at org.gradle.internal.operations.CurrentBuildOperationRef.with(CurrentBuildOperationRef
.java:85)
	at org.gradle.execution.taskgraph.DefaultTaskExecutionGraph$BuildOperationAwareExecution
Action.execute(DefaultTaskExecutionGraph.java:314)
	at org.gradle.execution.taskgraph.DefaultTaskExecutionGraph$BuildOperationAwareExecution
Action.execute(DefaultTaskExecutionGraph.java:303)
	at org.gradle.execution.plan.DefaultPlanExecutor$ExecutorWorker.execute(DefaultPlanExecu
tor.java:459)
	at org.gradle.execution.plan.DefaultPlanExecutor$ExecutorWorker.run(DefaultPlanExecutor.
java:376)
	at org.gradle.internal.concurrent.ExecutorPolicy$CatchAndRecordFailures.onExecute(Execut
orPolicy.java:64)
	at org.gradle.internal.concurrent.AbstractManagedExecutor$1.run(AbstractManagedExecutor.
java:48)
Caused by: org.gradle.workers.internal.DefaultWorkerExecutor$WorkExecutionException: A 
failure occurred while executing org.jetbrains.kotlin.compilerRunner.GradleCompilerRunner
WithWorkers$GradleKotlinCompilerWorkAction
	at org.gradle.workers.internal.DefaultWorkerExecutor$WorkItemExecution.waitForCompletion
(DefaultWorkerExecutor.java:287)
	at org.gradle.internal.work.DefaultAsyncWorkTracker.lambda$waitForItemsAndGatherFailures
$2(DefaultAsyncWorkTracker.java:130)
	at org.gradle.internal.Factories$1.create(Factories.java:31)
	at org.gradle.internal.work.DefaultWorkerLeaseService.withoutLocks(DefaultWorkerLeaseSer
vice.java:335)
	at org.gradle.internal.work.DefaultWorkerLeaseService.withoutLocks(DefaultWorkerLeaseSer
vice.java:318)
	at org.gradle.internal.work.DefaultWorkerLeaseService.withoutLock(DefaultWorkerLeaseServ
ice.java:323)
	at org.gradle.internal.work.DefaultAsyncWorkTracker.waitForItemsAndGatherFailures(Defaul
tAsyncWorkTracker.java:126)
	at org.gradle.internal.work.DefaultAsyncWorkTracker.waitForItemsAndGatherFailures(Defaul
tAsyncWorkTracker.java:92)
	at org.gradle.internal.work.DefaultAsyncWorkTracker.waitForAll(DefaultAsyncWorkTracker.j
ava:78)
	at org.gradle.internal.work.DefaultAsyncWorkTracker.waitForCompletion(DefaultAsyncWorkTr
acker.java:66)
	at org.gradle.api.internal.tasks.execution.TaskExecution$3.run(TaskExecution.java:252)
	at org.gradle.internal.operations.DefaultBuildOperationRunner$1.execute(DefaultBuildOper
ationRunner.java:29)
	at org.gradle.internal.operations.DefaultBuildOperationRunner$1.execute(DefaultBuildOper
ationRunner.java:26)
	at org.gradle.internal.operations.DefaultBuildOperationRunner$2.execute(DefaultBuildOper
ationRunner.java:66)
	at org.gradle.internal.operations.DefaultBuildOperationRunner$2.execute(DefaultBuildOper
ationRunner.java:59)
	at org.gradle.internal.operations.DefaultBuildOperationRunner.execute(DefaultBuildOperat
ionRunner.java:166)
	at org.gradle.internal.operations.DefaultBuildOperationRunner.execute(DefaultBuildOperat
ionRunner.java:59)
	at org.gradle.internal.operations.DefaultBuildOperationRunner.run(DefaultBuildOperationR
unner.java:47)
	at org.gradle.api.internal.tasks.execution.TaskExecution.executeAction(TaskExecution.jav
a:229)
	at org.gradle.api.internal.tasks.execution.TaskExecution.executeActions(TaskExecution.ja
va:212)
	at org.gradle.api.internal.tasks.execution.TaskExecution.executeWithPreviousOutputFiles(
TaskExecution.java:195)
	at org.gradle.api.internal.tasks.execution.TaskExecution.execute(TaskExecution.java:162)
	at org.gradle.internal.execution.steps.ExecuteStep.executeInternal(ExecuteStep.java:105)
	at org.gradle.internal.execution.steps.ExecuteStep.access$000(ExecuteStep.java:44)
	at org.gradle.internal.execution.steps.ExecuteStep$1.call(ExecuteStep.java:59)
	at org.gradle.internal.execution.steps.ExecuteStep$1.call(ExecuteStep.java:56)
	at org.gradle.internal.operations.DefaultBuildOperationRunner$CallableBuildOperationWork
er.execute(DefaultBuildOperationRunner.java:209)
	at org.gradle.internal.operations.DefaultBuildOperationRunner$CallableBuildOperationWork
er.execute(DefaultBuildOperationRunner.java:204)
	at org.gradle.internal.operations.DefaultBuildOperationRunner$2.execute(DefaultBuildOper
ationRunner.java:66)
	at org.gradle.internal.operations.DefaultBuildOperationRunner$2.execute(DefaultBuildOper
ationRunner.java:59)
	at org.gradle.internal.operations.DefaultBuildOperationRunner.execute(DefaultBuildOperat
ionRunner.java:166)
	at org.gradle.internal.operations.DefaultBuildOperationRunner.execute(DefaultBuildOperat
ionRunner.java:59)
	at org.gradle.internal.operations.DefaultBuildOperationRunner.call(DefaultBuildOperation
Runner.java:53)
	at org.gradle.internal.execution.steps.ExecuteStep.execute(ExecuteStep.java:56)
	at org.gradle.internal.execution.steps.ExecuteStep.execute(ExecuteStep.java:44)
	at org.gradle.internal.execution.steps.CancelExecutionStep.execute(CancelExecutionStep.j
ava:42)
	at org.gradle.internal.execution.steps.TimeoutStep.executeWithoutTimeout(TimeoutStep.jav
a:75)
	at org.gradle.internal.execution.steps.TimeoutStep.execute(TimeoutStep.java:55)
	at org.gradle.internal.execution.steps.PreCreateOutputParentsStep.execute(PreCreateOutpu
tParentsStep.java:50)
	at org.gradle.internal.execution.steps.PreCreateOutputParentsStep.execute(PreCreateOutpu
tParentsStep.java:28)
	at org.gradle.internal.execution.steps.RemovePreviousOutputsStep.execute(RemovePreviousO
utputsStep.java:67)
	at org.gradle.internal.execution.steps.RemovePreviousOutputsStep.execute(RemovePreviousO
utputsStep.java:37)
	at org.gradle.internal.execution.steps.BroadcastChangingOutputsStep.execute(BroadcastCha
ngingOutputsStep.java:61)
	at org.gradle.internal.execution.steps.BroadcastChangingOutputsStep.execute(BroadcastCha
ngingOutputsStep.java:26)
	at org.gradle.internal.execution.steps.CaptureOutputsAfterExecutionStep.execute(CaptureO
utputsAfterExecutionStep.java:69)
	at org.gradle.internal.execution.steps.CaptureOutputsAfterExecutionStep.execute(CaptureO
utputsAfterExecutionStep.java:46)
	at org.gradle.internal.execution.steps.ResolveInputChangesStep.execute(ResolveInputChang
esStep.java:40)
	at org.gradle.internal.execution.steps.ResolveInputChangesStep.execute(ResolveInputChang
esStep.java:29)
	at org.gradle.internal.execution.steps.BuildCacheStep.executeWithoutCache(BuildCacheStep
.java:189)
	at org.gradle.internal.execution.steps.BuildCacheStep.executeAndStoreInCache(BuildCacheS
tep.java:145)
	at org.gradle.internal.execution.steps.BuildCacheStep.lambda$executeWithCache$4(BuildCac
heStep.java:101)
	at org.gradle.internal.execution.steps.BuildCacheStep.lambda$executeWithCache$5(BuildCac
heStep.java:101)
	at org.gradle.internal.Try$Success.map(Try.java:175)
	at org.gradle.internal.execution.steps.BuildCacheStep.executeWithCache(BuildCacheStep.ja
va:85)
	at org.gradle.internal.execution.steps.BuildCacheStep.lambda$execute$0(BuildCacheStep.ja
va:74)
	at org.gradle.internal.Either$Left.fold(Either.java:115)
	at org.gradle.internal.execution.caching.CachingState.fold(CachingState.java:62)
	at org.gradle.internal.execution.steps.BuildCacheStep.execute(BuildCacheStep.java:73)
	at org.gradle.internal.execution.steps.BuildCacheStep.execute(BuildCacheStep.java:48)
	at org.gradle.internal.execution.steps.StoreExecutionStateStep.execute(StoreExecutionSta
teStep.java:46)
	at org.gradle.internal.execution.steps.StoreExecutionStateStep.execute(StoreExecutionSta
teStep.java:35)
	at org.gradle.internal.execution.steps.SkipUpToDateStep.executeBecause(SkipUpToDateStep.
java:75)
	at org.gradle.internal.execution.steps.SkipUpToDateStep.lambda$execute$2(SkipUpToDateSte
p.java:53)
	at 
org.gradle.internal.execution.steps.SkipUpToDateStep.execute(SkipUpToDateStep.java:53)
	at 
org.gradle.internal.execution.steps.SkipUpToDateStep.execute(SkipUpToDateStep.java:35)
	at org.gradle.internal.execution.steps.legacy.MarkSnapshottingInputsFinishedStep.execute
(MarkSnapshottingInputsFinishedStep.java:37)
	at org.gradle.internal.execution.steps.legacy.MarkSnapshottingInputsFinishedStep.execute
(MarkSnapshottingInputsFinishedStep.java:27)
	at org.gradle.internal.execution.steps.ResolveIncrementalCachingStateStep.executeDelegat
e(ResolveIncrementalCachingStateStep.java:49)
	at org.gradle.internal.execution.steps.ResolveIncrementalCachingStateStep.executeDelegat
e(ResolveIncrementalCachingStateStep.java:27)
	at org.gradle.internal.execution.steps.AbstractResolveCachingStateStep.execute(AbstractR
esolveCachingStateStep.java:71)
	at org.gradle.internal.execution.steps.AbstractResolveCachingStateStep.execute(AbstractR
esolveCachingStateStep.java:39)
	at org.gradle.internal.execution.steps.ResolveChangesStep.execute(ResolveChangesStep.jav
a:65)
	at org.gradle.internal.execution.steps.ResolveChangesStep.execute(ResolveChangesStep.jav
a:36)
	at org.gradle.internal.execution.steps.ValidateStep.execute(ValidateStep.java:107)
	at org.gradle.internal.execution.steps.ValidateStep.execute(ValidateStep.java:56)
	at org.gradle.internal.execution.steps.AbstractCaptureStateBeforeExecutionStep.execute(A
bstractCaptureStateBeforeExecutionStep.java:64)
	at org.gradle.internal.execution.steps.AbstractCaptureStateBeforeExecutionStep.execute(A
bstractCaptureStateBeforeExecutionStep.java:43)
	at org.gradle.internal.execution.steps.AbstractSkipEmptyWorkStep.executeWithNonEmptySour
ces(AbstractSkipEmptyWorkStep.java:125)
	at org.gradle.internal.execution.steps.AbstractSkipEmptyWorkStep.execute(AbstractSkipEmp
tyWorkStep.java:56)
	at org.gradle.internal.execution.steps.AbstractSkipEmptyWorkStep.execute(AbstractSkipEmp
tyWorkStep.java:36)
	at org.gradle.internal.execution.steps.legacy.MarkSnapshottingInputsStartedStep.execute(
MarkSnapshottingInputsStartedStep.java:38)
	at org.gradle.internal.execution.steps.LoadPreviousExecutionStateStep.execute(LoadPrevio
usExecutionStateStep.java:36)
	at org.gradle.internal.execution.steps.LoadPreviousExecutionStateStep.execute(LoadPrevio
usExecutionStateStep.java:23)
	at org.gradle.internal.execution.steps.HandleStaleOutputsStep.execute(HandleStaleOutputs
Step.java:75)
	at org.gradle.internal.execution.steps.HandleStaleOutputsStep.execute(HandleStaleOutputs
Step.java:41)
	at org.gradle.internal.execution.steps.AssignMutableWorkspaceStep.lambda$execute$0(Assig
nMutableWorkspaceStep.java:35)
	at org.gradle.api.internal.tasks.execution.TaskExecution$4.withWorkspace(TaskExecution.j
ava:289)
	at org.gradle.internal.execution.steps.AssignMutableWorkspaceStep.execute(AssignMutableW
orkspaceStep.java:31)
	at org.gradle.internal.execution.steps.AssignMutableWorkspaceStep.execute(AssignMutableW
orkspaceStep.java:22)
	at org.gradle.internal.execution.steps.ChoosePipelineStep.execute(ChoosePipelineStep.jav
a:40)
	at org.gradle.internal.execution.steps.ChoosePipelineStep.execute(ChoosePipelineStep.jav
a:23)
	at org.gradle.internal.execution.steps.ExecuteWorkBuildOperationFiringStep.lambda$execut
e$2(ExecuteWorkBuildOperationFiringStep.java:67)
	at org.gradle.internal.execution.steps.ExecuteWorkBuildOperationFiringStep.execute(Execu
teWorkBuildOperationFiringStep.java:67)
	at org.gradle.internal.execution.steps.ExecuteWorkBuildOperationFiringStep.execute(Execu
teWorkBuildOperationFiringStep.java:39)
	at 
org.gradle.internal.execution.steps.IdentityCacheStep.execute(IdentityCacheStep.java:46)
	at 
org.gradle.internal.execution.steps.IdentityCacheStep.execute(IdentityCacheStep.java:34)
	at org.gradle.internal.execution.steps.IdentifyStep.execute(IdentifyStep.java:48)
	at org.gradle.internal.execution.steps.IdentifyStep.execute(IdentifyStep.java:35)
	at org.gradle.internal.execution.impl.DefaultExecutionEngine$1.execute(DefaultExecutionE
ngine.java:61)
	at org.gradle.api.internal.tasks.execution.ExecuteActionsTaskExecuter.executeIfValid(Exe
cuteActionsTaskExecuter.java:127)
	at org.gradle.api.internal.tasks.execution.ExecuteActionsTaskExecuter.execute(ExecuteAct
ionsTaskExecuter.java:116)
28 actionable tasks: 1 executed, 27 up-to-date
Configuration cache entry reused.
	at org.gradle.api.internal.tasks.execution.FinalizePropertiesTaskExecuter.execute(Finali
zePropertiesTaskExecuter.java:46)
	at org.gradle.api.internal.tasks.execution.ResolveTaskExecutionModeExecuter.execute(Reso
lveTaskExecutionModeExecuter.java:51)
	at org.gradle.api.internal.tasks.execution.SkipTaskWithNoActionsExecuter.execute(SkipTas
kWithNoActionsExecuter.java:57)
	at org.gradle.api.internal.tasks.execution.SkipOnlyIfTaskExecuter.execute(SkipOnlyIfTask
Executer.java:74)
	at org.gradle.api.internal.tasks.execution.CatchExceptionTaskExecuter.execute(CatchExcep
tionTaskExecuter.java:36)
	at org.gradle.api.internal.tasks.execution.EventFiringTaskExecuter$1.executeTask(EventFi
ringTaskExecuter.java:77)
	at org.gradle.api.internal.tasks.execution.EventFiringTaskExecuter$1.call(EventFiringTas
kExecuter.java:55)
	at org.gradle.api.internal.tasks.execution.EventFiringTaskExecuter$1.call(EventFiringTas
kExecuter.java:52)
	at org.gradle.internal.operations.DefaultBuildOperationRunner$CallableBuildOperationWork
er.execute(DefaultBuildOperationRunner.java:209)
	at org.gradle.internal.operations.DefaultBuildOperationRunner$CallableBuildOperationWork
er.execute(DefaultBuildOperationRunner.java:204)
	at org.gradle.internal.operations.DefaultBuildOperationRunner$2.execute(DefaultBuildOper
ationRunner.java:66)
	at org.gradle.internal.operations.DefaultBuildOperationRunner$2.execute(DefaultBuildOper
ationRunner.java:59)
	at org.gradle.internal.operations.DefaultBuildOperationRunner.execute(DefaultBuildOperat
ionRunner.java:166)
	at org.gradle.internal.operations.DefaultBuildOperationRunner.execute(DefaultBuildOperat
ionRunner.java:59)
	at org.gradle.internal.operations.DefaultBuildOperationRunner.call(DefaultBuildOperation
Runner.java:53)
	at org.gradle.api.internal.tasks.execution.EventFiringTaskExecuter.execute(EventFiringTa
skExecuter.java:52)
	at 
org.gradle.execution.plan.LocalTaskNodeExecutor.execute(LocalTaskNodeExecutor.java:42)
	at org.gradle.execution.taskgraph.DefaultTaskExecutionGraph$InvokeNodeExecutorsAction.ex
ecute(DefaultTaskExecutionGraph.java:331)
	at org.gradle.execution.taskgraph.DefaultTaskExecutionGraph$InvokeNodeExecutorsAction.ex
ecute(DefaultTaskExecutionGraph.java:318)
	at org.gradle.execution.taskgraph.DefaultTaskExecutionGraph$BuildOperationAwareExecution
Action.lambda$execute$0(DefaultTaskExecutionGraph.java:314)
	at org.gradle.internal.operations.CurrentBuildOperationRef.with(CurrentBuildOperationRef
.java:85)
	at org.gradle.execution.taskgraph.DefaultTaskExecutionGraph$BuildOperationAwareExecution
Action.execute(DefaultTaskExecutionGraph.java:314)
	at org.gradle.execution.taskgraph.DefaultTaskExecutionGraph$BuildOperationAwareExecution
Action.execute(DefaultTaskExecutionGraph.java:303)
	at org.gradle.execution.plan.DefaultPlanExecutor$ExecutorWorker.execute(DefaultPlanExecu
tor.java:459)
	at org.gradle.execution.plan.DefaultPlanExecutor$ExecutorWorker.run(DefaultPlanExecutor.
java:376)
	at org.gradle.internal.concurrent.ExecutorPolicy$CatchAndRecordFailures.onExecute(Execut
orPolicy.java:64)
	at org.gradle.internal.concurrent.AbstractManagedExecutor$1.run(AbstractManagedExecutor.
java:48)
Caused by: org.jetbrains.kotlin.gradle.tasks.CompilationErrorException: Compilation 
error. See log for more details
	at org.jetbrains.kotlin.gradle.tasks.TasksUtilsKt.throwExceptionIfCompilationFailed(task
sUtils.kt:21)
	at org.jetbrains.kotlin.compilerRunner.GradleKotlinCompilerWork.run(GradleKotlinCompiler
Work.kt:119)
	at org.jetbrains.kotlin.compilerRunner.GradleCompilerRunnerWithWorkers$GradleKotlinCompi
lerWorkAction.execute(GradleCompilerRunnerWithWorkers.kt:76)
	at org.gradle.workers.internal.DefaultWorkerServer.execute(DefaultWorkerServer.java:63)
	at org.gradle.workers.internal.NoIsolationWorkerFactory$1$1.create(NoIsolationWorkerFact
ory.java:66)
	at org.gradle.workers.internal.NoIsolationWorkerFactory$1$1.create(NoIsolationWorkerFact
ory.java:62)
	at org.gradle.internal.classloader.ClassLoaderUtils.executeInClassloader(ClassLoaderUtil
s.java:100)
	at org.gradle.workers.internal.NoIsolationWorkerFactory$1.lambda$execute$0(NoIsolationWo
rkerFactory.java:62)
	at org.gradle.workers.internal.AbstractWorker$1.call(AbstractWorker.java:44)
	at org.gradle.workers.internal.AbstractWorker$1.call(AbstractWorker.java:41)
	at org.gradle.internal.operations.DefaultBuildOperationRunner$CallableBuildOperationWork
er.execute(DefaultBuildOperationRunner.java:209)
	at org.gradle.internal.operations.DefaultBuildOperationRunner$CallableBuildOperationWork
er.execute(DefaultBuildOperationRunner.java:204)
	at org.gradle.internal.operations.DefaultBuildOperationRunner$2.execute(DefaultBuildOper
ationRunner.java:66)
	at org.gradle.internal.operations.DefaultBuildOperationRunner$2.execute(DefaultBuildOper
ationRunner.java:59)
	at org.gradle.internal.operations.DefaultBuildOperationRunner.execute(DefaultBuildOperat
ionRunner.java:166)
	at org.gradle.internal.operations.DefaultBuildOperationRunner.execute(DefaultBuildOperat
ionRunner.java:59)
	at org.gradle.internal.operations.DefaultBuildOperationRunner.call(DefaultBuildOperation
Runner.java:53)
	at org.gradle.workers.internal.AbstractWorker.executeWrappedInBuildOperation(AbstractWor
ker.java:41)
	at org.gradle.workers.internal.NoIsolationWorkerFactory$1.execute(NoIsolationWorkerFacto
ry.java:59)
	at org.gradle.workers.internal.DefaultWorkerExecutor.lambda$submitWork$0(DefaultWorkerEx
ecutor.java:174)
	at org.gradle.internal.work.DefaultConditionalExecutionQueue$ExecutionRunner.runExecutio
n(DefaultConditionalExecutionQueue.java:194)
	at org.gradle.internal.work.DefaultConditionalExecutionQueue$ExecutionRunner.access$700(
DefaultConditionalExecutionQueue.java:127)
	at org.gradle.internal.work.DefaultConditionalExecutionQueue$ExecutionRunner$1.run(Defau
ltConditionalExecutionQueue.java:169)
	at org.gradle.internal.Factories$1.create(Factories.java:31)
	at org.gradle.internal.work.DefaultWorkerLeaseService.withLocks(DefaultWorkerLeaseServic
e.java:263)
	at org.gradle.internal.work.DefaultWorkerLeaseService.runAsWorkerThread(DefaultWorkerLea
seService.java:127)
	at org.gradle.internal.work.DefaultWorkerLeaseService.runAsWorkerThread(DefaultWorkerLea
seService.java:132)
	at org.gradle.internal.work.DefaultConditionalExecutionQueue$ExecutionRunner.runBatch(De
faultConditionalExecutionQueue.java:164)
	at org.gradle.internal.work.DefaultConditionalExecutionQueue$ExecutionRunner.run(Default
ConditionalExecutionQueue.java:133)
	... 2 more


BUILD FAILED in 2s
